# sanitized native-test evidence
# derived_by: sanitize_native_log.sh v1 (allowlist extraction)
# source_sha: 5b135540d7b249f731763c1f4fa4eb5815e9f3b2
# scheme: Runner (Debug)
# raw_input_sha256: da46c68b26d3b3d69d3b7231f049fb2989ea94f54310ba72f6f625878e358fa5
# note: derivative only — the raw xcodebuild log is never committed; kept in protected scratch and removed after validation.
#
Test Suite 'All tests' started at <ts>.
Test Suite 'RunnerTests.xctest' started at <ts>.
Test Suite 'ReleaseIsolationTests' started at <ts>.
Test Case '-[RunnerTests.ReleaseIsolationTests testBuildFlavorMatchesScheme]' passed (0.007 seconds).
Test Case '-[RunnerTests.ReleaseIsolationTests testForeignFlavorWipeRemovesAllDiagnosticFiles]' passed (0.009 seconds).
Test Case '-[RunnerTests.ReleaseIsolationTests testOperationalDomainMatchesFlavor]' passed (0.006 seconds).
Test Case '-[RunnerTests.ReleaseIsolationTests testProductionStampConstantIsNonEmpty]' passed (0.002 seconds).
Test Case '-[RunnerTests.ReleaseIsolationTests testReleaseIsolationGuardScriptExists]' passed (0.002 seconds).
Test Case '-[RunnerTests.ReleaseIsolationTests testRestorationIdentifiersAreNamespacedPerFlavor]' passed (0.002 seconds).
Test Suite 'ReleaseIsolationTests' passed at <ts>.
	 Executed 6 tests, with 0 failures (0 unexpected) in 0.028 (0.036) seconds
Test Suite 'RunnerTests' started at <ts>.
Test Case '-[RunnerTests.RunnerTests testExample]' passed (0.002 seconds).
Test Suite 'RunnerTests' passed at <ts>.
	 Executed 1 test, with 0 failures (0 unexpected) in 0.002 (0.004) seconds
Test Suite 'W5CodecTests' started at <ts>.
Test Case '-[RunnerTests.W5CodecTests testConstantsAgreeWithVectors]' passed (0.004 seconds).
Test Case '-[RunnerTests.W5CodecTests testEncoderRefusesOutOfContractInput]' passed (0.006 seconds).
Test Case '-[RunnerTests.W5CodecTests testNegativeVectors]' passed (0.004 seconds).
Test Case '-[RunnerTests.W5CodecTests testPositiveVectorsRoundTrip]' passed (0.012 seconds).
Test Case '-[RunnerTests.W5CodecTests testSetHashMatchesIndependentAnchor]' passed (0.003 seconds).
Test Suite 'W5CodecTests' passed at <ts>.
	 Executed 5 tests, with 0 failures (0 unexpected) in 0.028 (0.033) seconds
Test Suite 'W5DiagTests' started at <ts>.
Test Case '-[RunnerTests.W5DiagTests testFaultArmConsumeIsFlavorCorrect]' passed (0.002 seconds).
Test Suite 'W5DiagTests' passed at <ts>.
	 Executed 1 test, with 0 failures (0 unexpected) in 0.002 (0.003) seconds
Test Suite 'W5OwnershipTests' started at <ts>.
Test Case '-[RunnerTests.W5OwnershipTests testAliasRolloverKeepsCurrentPlusPreviousThenExpires]' passed (0.006 seconds).
Test Case '-[RunnerTests.W5OwnershipTests testHW51CommittedWinnerSurvivesSnapshotRestore]' passed (0.012 seconds).
Test Case '-[RunnerTests.W5OwnershipTests testHW51RealIdResolvedCommittedEncounterKeepsStickyKeeper]' passed (0.002 seconds).
Test Case '-[RunnerTests.W5OwnershipTests testHW55IsInGraceTracksReconnectWindow]' passed (0.002 seconds).
Test Case '-[RunnerTests.W5OwnershipTests testLiveHandleIsNotReboundIntoSecondEncounter]' passed (0.002 seconds).
Test Case '-[RunnerTests.W5OwnershipTests testLiveLinkIdIsNotAcceptedInSecondEncounter]' passed (0.003 seconds).
Test Case '-[RunnerTests.W5OwnershipTests testLocalContendersAreCapped]' passed (0.003 seconds).
Test Case '-[RunnerTests.W5OwnershipTests testNoCommitUntilPeerAcksOurCurrentView]' passed (0.002 seconds).
Test Case '-[RunnerTests.W5OwnershipTests testOlderPeerGenerationIsRejected]' passed (0.002 seconds).
Test Case '-[RunnerTests.W5OwnershipTests testOutOfU32RangeProposalGenerationIsRejected]' passed (0.003 seconds).
Test Case '-[RunnerTests.W5OwnershipTests testOverCapProposalFailsSourceLinkClosed]' passed (0.002 seconds).
Test Case '-[RunnerTests.W5OwnershipTests testPropertySafetyAndLivenessRandomizedSchedules]' passed (9.604 seconds).
Test Case '-[RunnerTests.W5OwnershipTests testProvisionalDialThatNeverHandshakesIsErased]' passed (0.002 seconds).
Test Case '-[RunnerTests.W5OwnershipTests testR7RekeyOntoOccupiedLeaseKeyFailsClosed]' passed (0.003 seconds).
Test Case '-[RunnerTests.W5OwnershipTests testR7RotationDuringGraceRediscoveryRejoinsPrevAliasResolves]' passed (0.003 seconds).
Test Case '-[RunnerTests.W5OwnershipTests testR7TeardownAndBeaconOffCloseEveryLiveLinkBeforeEnded]' passed (0.003 seconds).
Test Case '-[RunnerTests.W5OwnershipTests testRestorationReplayOfCommittedLinkIsIdempotent]' passed (0.003 seconds).
Test Case '-[RunnerTests.W5OwnershipTests testRestorationReplayOfPendingLinkIsIdempotent]' passed (0.002 seconds).
Test Case '-[RunnerTests.W5OwnershipTests testRestoreNeverRemintsIds]' passed (0.003 seconds).
Test Case '-[RunnerTests.W5OwnershipTests testRestoreReplayedControlIsIdempotent]' passed (0.003 seconds).
Test Case '-[RunnerTests.W5OwnershipTests testSameGenConflictingPayloadFailsClosed]' passed (0.002 seconds).
Test Case '-[RunnerTests.W5OwnershipTests testSameLinkIdOnSecondHandleDoesNotReOwn]' passed (0.002 seconds).
Test Case '-[RunnerTests.W5OwnershipTests testSnapshotRestoreRoundTripPreservesObservations]' passed (0.003 seconds).
Test Case '-[RunnerTests.W5OwnershipTests testStaleActiveSnapshotIsExpiredOnRestore]' passed (0.003 seconds).
Test Case '-[RunnerTests.W5OwnershipTests testStaleGraceSnapshotIsExpiredOnRestore]' passed (0.003 seconds).
Test Case '-[RunnerTests.W5OwnershipTests testStaleProposalDoesNotCommitReplacementLink]' passed (0.002 seconds).
Test Case '-[RunnerTests.W5OwnershipTests testTeardownAndBeaconOffEraseEverything]' passed (0.003 seconds).
Test Case '-[RunnerTests.W5OwnershipTests testThreeIndependentPeersEachGetOneCommittedKeeper]' passed (0.003 seconds).
Test Case '-[RunnerTests.W5OwnershipTests testTwoIndependentPeersEachGetOneCommittedKeeper]' passed (0.003 seconds).
Test Case '-[RunnerTests.W5OwnershipTests testTwoSameDirectionDuplicatesAgreeOnOneWireLinkId]' passed (0.043 seconds).
Test Case '-[RunnerTests.W5OwnershipTests testUnknownEventsAreNoOps]' passed (0.002 seconds).
Test Case '-[RunnerTests.W5OwnershipTests testViewGenSaturationTearsDownInsteadOfWrapping]' passed (0.002 seconds).
Test Suite 'W5OwnershipTests' passed at <ts>.
	 Executed 32 tests, with 0 failures (0 unexpected) in 9.735 (9.780) seconds
Test Suite 'W5OwnershipVectorTests' started at <ts>.
Test Case '-[RunnerTests.W5OwnershipVectorTests testAllVectors]' passed (0.007 seconds).
Test Suite 'W5OwnershipVectorTests' passed at <ts>.
	 Executed 1 test, with 0 failures (0 unexpected) in 0.007 (0.009) seconds
Test Suite 'W5TeardownTests' started at <ts>.
Test Case '-[RunnerTests.W5TeardownTests testChannelDropPeerByTokenServerIdIsInert]' passed (0.003 seconds).
Test Case '-[RunnerTests.W5TeardownTests testControllerDropPeerRealEntryMissesUnknownAlias]' passed (0.004 seconds).
Test Case '-[RunnerTests.W5TeardownTests testControllerDropPeerRealHitTearsDownLiveLease]' passed (0.002 seconds).
Test Case '-[RunnerTests.W5TeardownTests testInboundOnly]' passed (0.003 seconds).
Test Case '-[RunnerTests.W5TeardownTests testLocalHitOutboundKeeper]' passed (0.002 seconds).
Test Case '-[RunnerTests.W5TeardownTests testResultDictShape]' passed (0.002 seconds).
Test Case '-[RunnerTests.W5TeardownTests testServerIdOrUnknownAliasIsAMiss]' passed (0.002 seconds).
Test Case '-[RunnerTests.W5TeardownTests testStaleAliasAfterTeardownIsAMiss]' passed (0.002 seconds).
Test Case '-[RunnerTests.W5TeardownTests testTwoRoleTeardown]' passed (0.002 seconds).
Test Suite 'W5TeardownTests' passed at <ts>.
	 Executed 9 tests, with 0 failures (0 unexpected) in 0.023 (0.032) seconds
Test Suite 'RunnerTests.xctest' passed at <ts>.
	 Executed 55 tests, with 0 failures (0 unexpected) in 9.826 (9.903) seconds
Test Suite 'All tests' passed at <ts>.
	 Executed 55 tests, with 0 failures (0 unexpected) in 9.826 (9.905) seconds
** TEST SUCCEEDED **
