# sanitized native-test evidence
# derived_by: sanitize_native_log.sh v1 (allowlist extraction)
# source_sha: 5b135540d7b249f731763c1f4fa4eb5815e9f3b2
# scheme: Runner (Debug-diag / INRANGE_DIAG)
# raw_input_sha256: d74a2508b01bf44cf83527de03ce053a0f6997e0b082669141bb5735a97433e5
# note: derivative only — the raw xcodebuild log is never committed; kept in protected scratch and removed after validation.
#
Test Suite 'All tests' started at <ts>.
Test Suite 'RunnerTests.xctest' started at <ts>.
Test Suite 'ReleaseIsolationTests' started at <ts>.
Test Case '-[RunnerTests.ReleaseIsolationTests testBuildFlavorMatchesScheme]' passed (0.007 seconds).
Test Case '-[RunnerTests.ReleaseIsolationTests testForeignFlavorWipeRemovesAllDiagnosticFiles]' passed (0.011 seconds).
Test Case '-[RunnerTests.ReleaseIsolationTests testOperationalDomainMatchesFlavor]' passed (0.005 seconds).
Test Case '-[RunnerTests.ReleaseIsolationTests testProductionStampConstantIsNonEmpty]' passed (0.002 seconds).
Test Case '-[RunnerTests.ReleaseIsolationTests testReleaseIsolationGuardScriptExists]' passed (0.002 seconds).
Test Case '-[RunnerTests.ReleaseIsolationTests testRestorationIdentifiersAreNamespacedPerFlavor]' passed (0.002 seconds).
Test Suite 'ReleaseIsolationTests' passed at <ts>.
	 Executed 6 tests, with 0 failures (0 unexpected) in 0.030 (0.038) seconds
Test Suite 'RunnerTests' started at <ts>.
Test Case '-[RunnerTests.RunnerTests testExample]' passed (0.002 seconds).
Test Suite 'RunnerTests' passed at <ts>.
	 Executed 1 test, with 0 failures (0 unexpected) in 0.002 (0.004) seconds
Test Suite 'W5CodecTests' started at <ts>.
Test Case '-[RunnerTests.W5CodecTests testConstantsAgreeWithVectors]' passed (0.004 seconds).
Test Case '-[RunnerTests.W5CodecTests testEncoderRefusesOutOfContractInput]' passed (0.006 seconds).
Test Case '-[RunnerTests.W5CodecTests testNegativeVectors]' passed (0.004 seconds).
Test Case '-[RunnerTests.W5CodecTests testPositiveVectorsRoundTrip]' passed (0.012 seconds).
Test Case '-[RunnerTests.W5CodecTests testSetHashMatchesIndependentAnchor]' passed (0.003 seconds).
Test Suite 'W5CodecTests' passed at <ts>.
	 Executed 5 tests, with 0 failures (0 unexpected) in 0.029 (0.034) seconds
Test Suite 'W5DiagTests' started at <ts>.
Test Case '-[RunnerTests.W5DiagTests testChangedKeyRelaunchBuffersUnderAAndFlushesUnderB]' passed (0.049 seconds).
Test Case '-[RunnerTests.W5DiagTests testConcurrentArmDisarmResetSerialize]' passed (0.068 seconds).
Test Case '-[RunnerTests.W5DiagTests testConcurrentResetAndEmitSerializeNoTornLine]' passed (0.054 seconds).
Test Case '-[RunnerTests.W5DiagTests testDestroyAbortsAndRetainsSecretWhenWipeFails]' passed (0.020 seconds).
Test Case '-[RunnerTests.W5DiagTests testDestroyedSessionFailsClosedAndNeverRegeneratesFallback]' passed (0.051 seconds).
Test Case '-[RunnerTests.W5DiagTests testDestroyGatedByRealControllerQuiescence]' passed (0.105 seconds).
Test Case '-[RunnerTests.W5DiagTests testDestroySecretRejectedWhileW5ActiveAllowedWhenStopped]' passed (0.010 seconds).
Test Case '-[RunnerTests.W5DiagTests testEnvKeyIsAuthoritativeImmutableAndPrecedent]' passed (0.004 seconds).
Test Case '-[RunnerTests.W5DiagTests testEventSeqMatchesFileOrder]' passed (0.021 seconds).
Test Case '-[RunnerTests.W5DiagTests testFaultArmConsumeIsFlavorCorrect]' passed (0.016 seconds).
Test Case '-[RunnerTests.W5DiagTests testHandleDeterminismAndDomainSeparation]' passed (0.003 seconds).
Test Case '-[RunnerTests.W5DiagTests testHandleUsesProvisionedRunSecret]' passed (0.015 seconds).
Test Case '-[RunnerTests.W5DiagTests testInvalidSecretDoesNotMutateState]' passed (0.010 seconds).
Test Case '-[RunnerTests.W5DiagTests testKeyChangeRotatesKeyEpoch]' passed (0.011 seconds).
Test Case '-[RunnerTests.W5DiagTests testKeyRotationAbortsAndRetainsOldKeyWhenWipeFails]' passed (0.015 seconds).
Test Case '-[RunnerTests.W5DiagTests testProvisionRequires64HexMatchingPullerContract]' passed (0.020 seconds).
Test Case '-[RunnerTests.W5DiagTests testProvisionRunSecretPersistsAndValidates]' passed (0.009 seconds).
Test Case '-[RunnerTests.W5DiagTests testRecordPriorLossDefersUntilKeyConfirmed]' passed (0.016 seconds).
Test Case '-[RunnerTests.W5DiagTests testResetCaseRetainsSecretRotatesEpochClearsControls]' passed (0.019 seconds).
Test Case '-[RunnerTests.W5DiagTests testResetCaseWipesEveryFamilyIncludingRotations]' passed (0.019 seconds).
Test Case '-[RunnerTests.W5DiagTests testResetExportsPriorLossToLifetimeLedgerBeforeAck]' passed (0.019 seconds).
Test Case '-[RunnerTests.W5DiagTests testRestorationMarkerSurvivesBufferOverflow]' passed (3.203 seconds).
Test Case '-[RunnerTests.W5DiagTests testRssiAckDiscardedAfterCaseReset]' passed (0.011 seconds).
Test Case '-[RunnerTests.W5DiagTests testRssiAckDiscardedAfterPartialFailedReset]' passed (0.007 seconds).
Test Case '-[RunnerTests.W5DiagTests testW5LinksRequiresRealFleetKey]' passed (0.013 seconds).
Test Case '-[RunnerTests.W5DiagTests testWipeFailureDuringResetRetainsTypedCounter]' passed (0.006 seconds).
Test Suite 'W5DiagTests' passed at <ts>.
	 Executed 26 tests, with 0 failures (0 unexpected) in 3.796 (3.818) seconds
Test Suite 'W5EvidenceWriterTests' started at <ts>.
Test Case '-[RunnerTests.W5EvidenceWriterTests testAbsentFileIsCreatedAndProtectionAppliedWhenReported]' passed (0.009 seconds).
Test Case '-[RunnerTests.W5EvidenceWriterTests testBootRecordDoesNotAckWhenAppendFails]' passed (0.016 seconds).
Test Case '-[RunnerTests.W5EvidenceWriterTests testBootRecordRetainsFailureGeneratedDuringItsOwnAppend]' passed (0.008 seconds).
Test Case '-[RunnerTests.W5EvidenceWriterTests testConcurrentAppendsAreSerializedAndComplete]' passed (1.886 seconds).
Test Case '-[RunnerTests.W5EvidenceWriterTests testDotOneOverCapStatFailureIsTypedAndAccounted]' passed (0.010 seconds).
Test Case '-[RunnerTests.W5EvidenceWriterTests testInaccessibleExistingFileIsDroppedNotOverwritten]' passed (0.006 seconds).
Test Case '-[RunnerTests.W5EvidenceWriterTests testInjectedFileOpFailuresAreTypedAndAccounted]' passed (0.019 seconds).
Test Case '-[RunnerTests.W5EvidenceWriterTests testManyAppendsPreserveOrderAndEveryLine]' passed (0.583 seconds).
Test Case '-[RunnerTests.W5EvidenceWriterTests testPeekPriorLossSumsEveryFamilyAckClears]' passed (0.036 seconds).
Test Case '-[RunnerTests.W5EvidenceWriterTests testProtectionClassVerifyIsTypedOnAppend]' passed (0.006 seconds).
Test Case '-[RunnerTests.W5EvidenceWriterTests testRotationMovesFullFileToDotOne]' passed (0.009 seconds).
Test Case '-[RunnerTests.W5EvidenceWriterTests testRssiWriterFileOpsAreTypedAndInjectable]' passed (0.011 seconds).
Test Case '-[RunnerTests.W5EvidenceWriterTests testVerifyReadFailuresAreTypedAndAccounted]' passed (0.014 seconds).
Test Suite 'W5EvidenceWriterTests' passed at <ts>.
	 Executed 13 tests, with 0 failures (0 unexpected) in 2.612 (2.623) seconds
Test Suite 'W5OwnershipTests' started at <ts>.
Test Case '-[RunnerTests.W5OwnershipTests testAliasRolloverKeepsCurrentPlusPreviousThenExpires]' passed (0.002 seconds).
Test Case '-[RunnerTests.W5OwnershipTests testHW51CommittedWinnerSurvivesSnapshotRestore]' passed (0.010 seconds).
Test Case '-[RunnerTests.W5OwnershipTests testHW51RealIdResolvedCommittedEncounterKeepsStickyKeeper]' passed (0.002 seconds).
Test Case '-[RunnerTests.W5OwnershipTests testHW55IsInGraceTracksReconnectWindow]' passed (0.002 seconds).
Test Case '-[RunnerTests.W5OwnershipTests testLiveHandleIsNotReboundIntoSecondEncounter]' passed (0.002 seconds).
Test Case '-[RunnerTests.W5OwnershipTests testLiveLinkIdIsNotAcceptedInSecondEncounter]' passed (0.002 seconds).
Test Case '-[RunnerTests.W5OwnershipTests testLocalContendersAreCapped]' passed (0.002 seconds).
Test Case '-[RunnerTests.W5OwnershipTests testNoCommitUntilPeerAcksOurCurrentView]' passed (0.002 seconds).
Test Case '-[RunnerTests.W5OwnershipTests testOlderPeerGenerationIsRejected]' passed (0.002 seconds).
Test Case '-[RunnerTests.W5OwnershipTests testOutOfU32RangeProposalGenerationIsRejected]' passed (0.002 seconds).
Test Case '-[RunnerTests.W5OwnershipTests testOverCapProposalFailsSourceLinkClosed]' passed (0.002 seconds).
Test Case '-[RunnerTests.W5OwnershipTests testPropertySafetyAndLivenessRandomizedSchedules]' passed (8.399 seconds).
Test Case '-[RunnerTests.W5OwnershipTests testProvisionalDialThatNeverHandshakesIsErased]' passed (0.004 seconds).
Test Case '-[RunnerTests.W5OwnershipTests testR7RekeyOntoOccupiedLeaseKeyFailsClosed]' passed (0.004 seconds).
Test Case '-[RunnerTests.W5OwnershipTests testR7RotationDuringGraceRediscoveryRejoinsPrevAliasResolves]' passed (0.004 seconds).
Test Case '-[RunnerTests.W5OwnershipTests testR7TeardownAndBeaconOffCloseEveryLiveLinkBeforeEnded]' passed (0.003 seconds).
Test Case '-[RunnerTests.W5OwnershipTests testRestorationReplayOfCommittedLinkIsIdempotent]' passed (0.005 seconds).
Test Case '-[RunnerTests.W5OwnershipTests testRestorationReplayOfPendingLinkIsIdempotent]' passed (0.003 seconds).
Test Case '-[RunnerTests.W5OwnershipTests testRestoreNeverRemintsIds]' passed (0.003 seconds).
Test Case '-[RunnerTests.W5OwnershipTests testRestoreReplayedControlIsIdempotent]' passed (0.003 seconds).
Test Case '-[RunnerTests.W5OwnershipTests testSameGenConflictingPayloadFailsClosed]' passed (0.002 seconds).
Test Case '-[RunnerTests.W5OwnershipTests testSameLinkIdOnSecondHandleDoesNotReOwn]' passed (0.002 seconds).
Test Case '-[RunnerTests.W5OwnershipTests testSnapshotRestoreRoundTripPreservesObservations]' passed (0.003 seconds).
Test Case '-[RunnerTests.W5OwnershipTests testStaleActiveSnapshotIsExpiredOnRestore]' passed (0.005 seconds).
Test Case '-[RunnerTests.W5OwnershipTests testStaleGraceSnapshotIsExpiredOnRestore]' passed (0.003 seconds).
Test Case '-[RunnerTests.W5OwnershipTests testStaleProposalDoesNotCommitReplacementLink]' passed (0.004 seconds).
Test Case '-[RunnerTests.W5OwnershipTests testTeardownAndBeaconOffEraseEverything]' passed (0.003 seconds).
Test Case '-[RunnerTests.W5OwnershipTests testThreeIndependentPeersEachGetOneCommittedKeeper]' passed (0.004 seconds).
Test Case '-[RunnerTests.W5OwnershipTests testTwoIndependentPeersEachGetOneCommittedKeeper]' passed (0.002 seconds).
Test Case '-[RunnerTests.W5OwnershipTests testTwoSameDirectionDuplicatesAgreeOnOneWireLinkId]' passed (0.106 seconds).
Test Case '-[RunnerTests.W5OwnershipTests testUnknownEventsAreNoOps]' passed (0.004 seconds).
Test Case '-[RunnerTests.W5OwnershipTests testViewGenSaturationTearsDownInsteadOfWrapping]' passed (0.004 seconds).
Test Suite 'W5OwnershipTests' passed at <ts>.
	 Executed 32 tests, with 0 failures (0 unexpected) in 8.597 (8.641) seconds
Test Suite 'W5OwnershipVectorTests' started at <ts>.
Test Case '-[RunnerTests.W5OwnershipVectorTests testAllVectors]' passed (0.007 seconds).
Test Suite 'W5OwnershipVectorTests' passed at <ts>.
	 Executed 1 test, with 0 failures (0 unexpected) in 0.007 (0.008) seconds
Test Suite 'W5TeardownTests' started at <ts>.
Test Case '-[RunnerTests.W5TeardownTests testChannelDropPeerByTokenCommittedHit]' passed (0.063 seconds).
Test Case '-[RunnerTests.W5TeardownTests testChannelDropPeerByTokenServerIdIsInert]' passed (0.008 seconds).
Test Case '-[RunnerTests.W5TeardownTests testControllerDropPeerRealEntryMissesUnknownAlias]' passed (0.015 seconds).
Test Case '-[RunnerTests.W5TeardownTests testControllerDropPeerRealHitTearsDownLiveLease]' passed (0.018 seconds).
Test Case '-[RunnerTests.W5TeardownTests testDiagSelectedPeerControlArmsByHandleAndFailsClosed]' passed (0.028 seconds).
Test Case '-[RunnerTests.W5TeardownTests testEffectiveOffClearsMyPrevTokenTimer]' passed (0.014 seconds).
Test Case '-[RunnerTests.W5TeardownTests testEffectiveOffReapsRestoredInGraceLease]' passed (0.032 seconds).
Test Case '-[RunnerTests.W5TeardownTests testForeignFlavorWipeIsTransactionalOnPartialFailure]' passed (0.050 seconds).
Test Case '-[RunnerTests.W5TeardownTests testInboundOnly]' passed (0.002 seconds).
Test Case '-[RunnerTests.W5TeardownTests testLocalHitOutboundKeeper]' passed (0.003 seconds).
Test Case '-[RunnerTests.W5TeardownTests testRestoredInGraceLeaseIsNotQuiescentAndBlocksDestroy]' passed (0.039 seconds).
Test Case '-[RunnerTests.W5TeardownTests testRestoreRefusedUntilLaunchKeyConfirmed]' passed (0.043 seconds).
Test Case '-[RunnerTests.W5TeardownTests testResultDictShape]' passed (0.002 seconds).
Test Case '-[RunnerTests.W5TeardownTests testSchemaBoundaryRejectsAndWipesBadSnapshots]' passed (0.166 seconds).
Test Case '-[RunnerTests.W5TeardownTests testServerIdOrUnknownAliasIsAMiss]' passed (0.002 seconds).
Test Case '-[RunnerTests.W5TeardownTests testStaleAliasAfterTeardownIsAMiss]' passed (0.002 seconds).
Test Case '-[RunnerTests.W5TeardownTests testTwoRoleTeardown]' passed (0.002 seconds).
Test Suite 'W5TeardownTests' passed at <ts>.
	 Executed 17 tests, with 0 failures (0 unexpected) in 0.489 (0.508) seconds
Test Suite 'RunnerTests.xctest' passed at <ts>.
	 Executed 101 tests, with 0 failures (0 unexpected) in 15.561 (15.679) seconds
Test Suite 'All tests' passed at <ts>.
	 Executed 101 tests, with 0 failures (0 unexpected) in 15.561 (15.681) seconds
** TEST SUCCEEDED **
